Component: ARM Compiler 5.06 update 1 (build 61) Tool: armlink [4d35a8]

==============================================================================

Section Cross References

    main.o(.text) refers to _printf_percent.o(.ARM.Collect$$_printf_percent$$00000000) for _printf_percent
    main.o(.text) refers to _printf_d.o(.ARM.Collect$$_printf_percent$$00000009) for _printf_d
    main.o(.text) refers to _printf_dec.o(.text) for _printf_int_dec
    main.o(.text) refers to noretval__2sprintf.o(.text) for __2sprintf
    main.o(.text) refers to lcd.o(.text) for LCD_ShowString
    main.o(.text) refers to os_task.o(.text) for OSTaskSuspend
    main.o(.text) refers to os_time.o(.text) for OSTimeDlyHMSM
    main.o(.text) refers to key.o(.text) for KEY_Scan
    main.o(.text) refers to os_core.o(.text) for OSStatInit
    main.o(.text) refers to os_cpu_a.o(.text) for OS_CPU_SR_Save
    main.o(.text) refers to lwip_comm.o(.text) for lwip_comm_dhcp_creat
    main.o(.text) refers to delay.o(.text) for delay_init
    main.o(.text) refers to misc.o(.text) for NVIC_PriorityGroupConfig
    main.o(.text) refers to usart.o(.text) for uart_init
    main.o(.text) refers to led.o(.text) for LED_Init
    main.o(.text) refers to sensor.o(.text) for Sensor_GPIO
    main.o(.text) refers to sram.o(.text) for FSMC_SRAM_Init
    main.o(.text) refers to malloc.o(.text) for mymem_init
    main.o(.text) refers to udp_demo.o(.text) for udp_demo_init
    main.o(.text) refers to lwip_comm.o(.bss) for lwipdev
    main.o(.text) refers to udp_demo.o(.data) for udp_flag
    main.o(.text) refers to main.o(.bss) for LED_TASK_STK
    main.o(.text) refers to usmart_config.o(.data) for usmart_dev
    main.o(.text) refers to lcd.o(.data) for POINT_COLOR
    system_stm32f4xx.o(.text) refers to system_stm32f4xx.o(.data) for SystemCoreClock
    key.o(.text) refers to stm32f4xx_rcc.o(.text) for RCC_AHB1PeriphClockCmd
    key.o(.text) refers to stm32f4xx_gpio.o(.text) for GPIO_Init
    key.o(.text) refers to delay.o(.text) for delay_ms
    key.o(.text) refers to key.o(.data) for key_up
    led.o(.text) refers to stm32f4xx_rcc.o(.text) for RCC_AHB1PeriphClockCmd
    led.o(.text) refers to stm32f4xx_gpio.o(.text) for GPIO_Init
    timer.o(.text) refers to stm32f4xx_rcc.o(.text) for RCC_APB1PeriphClockCmd
    timer.o(.text) refers to stm32f4xx_tim.o(.text) for TIM_TimeBaseInit
    timer.o(.text) refers to misc.o(.text) for NVIC_Init
    lcd.o(.text) refers to _printf_percent.o(.ARM.Collect$$_printf_percent$$00000000) for _printf_percent
    lcd.o(.text) refers to _printf_x.o(.ARM.Collect$$_printf_percent$$0000000C) for _printf_x
    lcd.o(.text) refers to _printf_hex_int.o(.text) for _printf_longlong_hex
    lcd.o(.text) refers to delay.o(.text) for delay_us
    lcd.o(.text) refers to lcd.o(.bss) for lcddev
    lcd.o(.text) refers to lcd.o(.data) for POINT_COLOR
    lcd.o(.text) refers to dflt_clz.o(x$fpl$dfltu) for __aeabi_ui2d
    lcd.o(.text) refers to dmul.o(x$fpl$dmul) for __aeabi_dmul
    lcd.o(.text) refers to dfixu.o(x$fpl$dfixu) for __aeabi_d2uiz
    lcd.o(.text) refers to stm32f4xx_rcc.o(.text) for RCC_AHB1PeriphClockCmd
    lcd.o(.text) refers to stm32f4xx_gpio.o(.text) for GPIO_Init
    lcd.o(.text) refers to stm32f4xx_fsmc.o(.text) for FSMC_NORSRAMInit
    lcd.o(.text) refers to noretval__2printf.o(.text) for __2printf
    lcd.o(.text) refers to lcd.o(.constdata) for asc2_1206
    lan8720.o(.text) refers to stm32f4xx_rcc.o(.text) for RCC_AHB1PeriphClockCmd
    lan8720.o(.text) refers to stm32f4x7_eth.o(.text) for ETH_DeInit
    lan8720.o(.text) refers to misc.o(.text) for NVIC_Init
    lan8720.o(.text) refers to stm32f4xx_syscfg.o(.text) for SYSCFG_ETH_MediaInterfaceConfig
    lan8720.o(.text) refers to stm32f4xx_gpio.o(.text) for GPIO_Init
    lan8720.o(.text) refers to delay.o(.text) for delay_ms
    lan8720.o(.text) refers to lwip_comm.o(.text) for lwip_pkt_handle
    lan8720.o(.text) refers to malloc.o(.text) for myfree
    lan8720.o(.text) refers to stm32f4x7_eth.o(.data) for DMARxDescToGet
    lan8720.o(.text) refers to lan8720.o(.data) for DMARxDscrTab
    sram.o(.text) refers to stm32f4xx_rcc.o(.text) for RCC_AHB1PeriphClockCmd
    sram.o(.text) refers to stm32f4xx_gpio.o(.text) for GPIO_Init
    sram.o(.text) refers to stm32f4xx_fsmc.o(.text) for FSMC_NORSRAMInit
    sensor.o(.text) refers to _printf_percent.o(.ARM.Collect$$_printf_percent$$00000000) for _printf_percent
    sensor.o(.text) refers to _printf_f.o(.ARM.Collect$$_printf_percent$$00000003) for _printf_f
    sensor.o(.text) refers to printf1.o(x$fpl$printf1) for _printf_fp_dec
    sensor.o(.text) refers to stm32f4xx_rcc.o(.text) for RCC_AHB1PeriphClockCmd
    sensor.o(.text) refers to stm32f4xx_gpio.o(.text) for GPIO_Init
    sensor.o(.text) refers to delay.o(.text) for delay_us
    sensor.o(.text) refers to sensor.o(.data) for xun
    sensor.o(.text) refers to dflt_clz.o(x$fpl$dfltu) for __aeabi_ui2d
    sensor.o(.text) refers to dmul.o(x$fpl$dmul) for __aeabi_dmul
[...]
    etharp_output                            0x0800c69b   Thumb Code   392  etharp.o(.text)
    ethernet_input                           0x0800c823   Thumb Code   204  etharp.o(.text)
    ethernetif_input                         0x0800cabb   Thumb Code    48  ethernetif.o(.text)
    ethernetif_init                          0x0800caeb   Thumb Code    56  ethernetif.o(.text)
    icmp_input                               0x0800cba9   Thumb Code   492  icmp.o(.text)
    icmp_dest_unreach                        0x0800ce35   Thumb Code    18  icmp.o(.text)
    icmp_time_exceeded                       0x0800ce47   Thumb Code    18  icmp.o(.text)
    inet_chksum_pseudo                       0x0800d02b   Thumb Code   170  inet_chksum.o(.text)
    inet_chksum_pseudo_partial               0x0800d0d5   Thumb Code   218  inet_chksum.o(.text)
    inet_chksum                              0x0800d1af   Thumb Code    20  inet_chksum.o(.text)
    inet_chksum_pbuf                         0x0800d1c3   Thumb Code    86  inet_chksum.o(.text)
    ip_route                                 0x0800d281   Thumb Code    80  ip.o(.text)
    ip_input                                 0x0800d2d1   Thumb Code   484  ip.o(.text)
    ip_output_if                             0x0800d4b5   Thumb Code   252  ip.o(.text)
    ip_output                                0x0800d5b1   Thumb Code    84  ip.o(.text)
    ip4_addr_isbroadcast                     0x0800d6b1   Thumb Code    78  ip_addr.o(.text)
    ip4_addr_netmask_valid                   0x0800d6ff   Thumb Code    56  ip_addr.o(.text)
    ipaddr_aton                              0x0800d737   Thumb Code   364  ip_addr.o(.text)
    ipaddr_addr                              0x0800d8a3   Thumb Code    24  ip_addr.o(.text)
    ipaddr_ntoa_r                            0x0800d8bb   Thumb Code   168  ip_addr.o(.text)
    ipaddr_ntoa                              0x0800d963   Thumb Code    16  ip_addr.o(.text)
    ip_reass_tmr                             0x0800db2d   Thumb Code    56  ip_frag.o(.text)
    ip_reass                                 0x0800df69   Thumb Code   410  ip_frag.o(.text)
    ip_frag                                  0x0800e189   Thumb Code   630  ip_frag.o(.text)
    lwip_htons                               0x0800e405   Thumb Code    12  def.o(.text)
    lwip_ntohs                               0x0800e411   Thumb Code    12  def.o(.text)
    lwip_htonl                               0x0800e41d   Thumb Code    26  def.o(.text)
    lwip_ntohl                               0x0800e437   Thumb Code    12  def.o(.text)
    dhcp_renew                               0x0800ed21   Thumb Code   150  dhcp.o(.text)
    dhcp_coarse_tmr                          0x0800eeed   Thumb Code    74  dhcp.o(.text)
    dhcp_release                             0x0800efeb   Thumb Code   178  dhcp.o(.text)
    dhcp_fine_tmr                            0x0800f291   Thumb Code   132  dhcp.o(.text)
    dhcp_set_struct                          0x0800f385   Thumb Code   106  dhcp.o(.text)
    dhcp_cleanup                             0x0800f3ef   Thumb Code    48  dhcp.o(.text)
    dhcp_stop                                0x0800f41f   Thumb Code   112  dhcp.o(.text)
    dhcp_start                               0x0800faed   Thumb Code   438  dhcp.o(.text)
    dhcp_inform                              0x0800fca3   Thumb Code   210  dhcp.o(.text)
    dhcp_network_changed                     0x0800fd75   Thumb Code    80  dhcp.o(.text)
    dhcp_arp_reply                           0x0800fe53   Thumb Code    80  dhcp.o(.text)
    lwip_init                                0x0800feb1   Thumb Code    36  init.o(.text)
    memp_get_memorysize                      0x0800fed5   Thumb Code     8  memp.o(.text)
    memp_init                                0x0800fedd   Thumb Code    86  memp.o(.text)
    memp_malloc                              0x0800ff33   Thumb Code   104  memp.o(.text)
    memp_free                                0x0800ff9b   Thumb Code    74  memp.o(.text)
    netif_init                               0x080100a9   Thumb Code     2  netif.o(.text)
    netif_set_gw                             0x080100ab   Thumb Code    16  netif.o(.text)
    netif_set_netmask                        0x080100bb   Thumb Code    16  netif.o(.text)
    netif_set_ipaddr                         0x080100cb   Thumb Code   124  netif.o(.text)
    netif_set_addr                           0x08010147   Thumb Code    40  netif.o(.text)
    netif_add                                0x0801016f   Thumb Code   148  netif.o(.text)
    netif_set_default                        0x08010203   Thumb Code    10  netif.o(.text)
    netif_set_down                           0x0801020d   Thumb Code    42  netif.o(.text)
    netif_remove                             0x08010237   Thumb Code    94  netif.o(.text)
    netif_find                               0x08010295   Thumb Code    72  netif.o(.text)
    netif_set_up                             0x080102dd   Thumb Code    54  netif.o(.text)
    netif_set_link_up                        0x08010313   Thumb Code    66  netif.o(.text)
    netif_set_link_down                      0x08010355   Thumb Code    24  netif.o(.text)
    pbuf_free                                0x080103e9   Thumb Code   272  pbuf.o(.text)
    pbuf_alloc                               0x080104f9   Thumb Code   652  pbuf.o(.text)
    pbuf_alloced_custom                      0x08010785   Thumb Code   656  pbuf.o(.text)
    pbuf_realloc                             0x08010a15   Thumb Code   268  pbuf.o(.text)
    pbuf_header                              0x08010b21   Thumb Code   214  pbuf.o(.text)
    pbuf_clen                                0x08010bf7   Thumb Code    18  pbuf.o(.text)
    pbuf_ref                                 0x08010c09   Thumb Code    26  pbuf.o(.text)
    pbuf_cat                                 0x08010c23   Thumb Code   138  pbuf.o(.text)
    pbuf_chain                               0x08010cad   Thumb Code    26  pbuf.o(.text)
    pbuf_dechain                             0x08010cc7   Thumb Code   132  pbuf.o(.text)
    pbuf_copy                                0x08010d4b   Thumb Code   790  pbuf.o(.text)
    pbuf_copy_partial                        0x08011061   Thumb Code   190  pbuf.o(.text)
    pbuf_take                                0x0801111f   Thumb Code   210  pbuf.o(.text)
    pbuf_coalesce                            0x080111f1   Thumb Code    84  pbuf.o(.text)
    pbuf_get_at                              0x08011245   Thumb Code    46  pbuf.o(.text)
    pbuf_memcmp                              0x08011273   Thumb Code    96  pbuf.o(.text)
    pbuf_memfind                             0x080112d3   Thumb Code    76  pbuf.o(.text)
    pbuf_strstr                              0x0801131f   Thumb Code    60  pbuf.o(.text)
    raw_input                                0x08011489   Thumb Code   102  raw.o(.text)
    raw_bind                                 0x080114ef   Thumb Code    16  raw.o(.text)
    raw_connect                              0x080114ff   Thumb Code    16  raw.o(.text)
    raw_recv                                 0x0801150f   Thumb Code     6  raw.o(.text)
    raw_sendto                               0x08011515   Thumb Code   190  raw.o(.text)
    raw_send                                 0x080115d3   Thumb Code    18  raw.o(.text)
    raw_remove                               0x080115e5   Thumb Code    60  raw.o(.text)
    raw_new                                  0x08011621   Thumb Code    46  raw.o(.text)
    tcp_init                                 0x080116d5   Thumb Code     2  tcp.o(.text)
    tcp_seg_free                             0x080116d7   Thumb Code    26  tcp.o(.text)
    tcp_segs_free                            0x080116f1   Thumb Code    24  tcp.o(.text)
    tcp_pcb_purge                            0x08011709   Thumb Code    88  tcp.o(.text)
    tcp_slowtmr                              0x08011761   Thumb Code  1436  tcp.o(.text)
    tcp_pcb_remove                           0x08011cfd   Thumb Code   192  tcp.o(.text)
    tcp_close                                0x08011f89   Thumb Code    28  tcp.o(.text)
    tcp_update_rcv_ann_wnd                   0x08011fa5   Thumb Code   106  tcp.o(.text)
    tcp_recved                               0x0801200f   Thumb Code   392  tcp.o(.text)
    tcp_recv_null                            0x08012197   Thumb Code    46  tcp.o(.text)
    tcp_process_refused_data                 0x080121c5   Thumb Code   148  tcp.o(.text)
    tcp_fasttmr                              0x08012259   Thumb Code   114  tcp.o(.text)
    tcp_tmr                                  0x080122cb   Thumb Code    30  tcp.o(.text)
    tcp_shutdown                             0x080122e9   Thumb Code    98  tcp.o(.text)
    tcp_abandon                              0x0801234b   Thumb Code   168  tcp.o(.text)
    tcp_abort                                0x080123f3   Thumb Code    14  tcp.o(.text)
    tcp_bind                                 0x08012461   Thumb Code   170  tcp.o(.text)
    tcp_listen_with_backlog                  0x08012513   Thumb Code   420  tcp.o(.text)
    tcp_eff_send_mss                         0x080126b7   Thumb Code    46  tcp.o(.text)
    tcp_next_iss                             0x080126e5   Thumb Code    20  tcp.o(.text)
    tcp_connect                              0x080126f9   Thumb Code   352  tcp.o(.text)
    tcp_setprio                              0x08012859   Thumb Code     4  tcp.o(.text)
    tcp_alloc                                0x080128e3   Thumb Code   182  tcp.o(.text)
    tcp_new                                  0x08012999   Thumb Code    10  tcp.o(.text)
    tcp_arg                                  0x080129a3   Thumb Code     4  tcp.o(.text)
    tcp_recv                                 0x080129a7   Thumb Code    42  tcp.o(.text)
    tcp_sent                                 0x080129d1   Thumb Code    42  tcp.o(.text)
    tcp_err                                  0x080129fb   Thumb Code   258  tcp.o(.text)
    tcp_accept                               0x08012afd   Thumb Code     4  tcp.o(.text)
    tcp_poll                                 0x08012b01   Thumb Code    50  tcp.o(.text)
    tcp_debug_state_str                      0x08012b33   Thumb Code    10  tcp.o(.text)
    tcp_input                                0x08013d2b   Thumb Code  1674  tcp_in.o(.text)
    tcp_enqueue_flags                        0x08014525   Thumb Code   418  tcp_out.o(.text)
    tcp_send_fin                             0x080146c7   Thumb Code    74  tcp_out.o(.text)
    tcp_write                                0x080149ab   Thumb Code  1744  tcp_out.o(.text)
    tcp_send_empty_ack                       0x0801507b   Thumb Code    86  tcp_out.o(.text)
    tcp_output                               0x080151a3   Thumb Code   710  tcp_out.o(.text)
    tcp_rst                                  0x08015469   Thumb Code   162  tcp_out.o(.text)
    tcp_rexmit_rto                           0x0801550b   Thumb Code    58  tcp_out.o(.text)
    tcp_rexmit                               0x08015545   Thumb Code    90  tcp_out.o(.text)
    tcp_rexmit_fast                          0x0801559f   Thumb Code   120  tcp_out.o(.text)
    tcp_keepalive                            0x08015617   Thumb Code    84  tcp_out.o(.text)
    tcp_zero_window_probe                    0x0801566b   Thumb Code   180  tcp_out.o(.text)
    sys_timeout                              0x08015721   Thumb Code   174  timers.o(.text)
    tcp_timer_needed                         0x080157f7   Thumb Code    38  timers.o(.text)
    sys_timeouts_init                        0x08015885   Thumb Code    52  timers.o(.text)
    sys_untimeout                            0x080158b9   Thumb Code    90  timers.o(.text)
    sys_timeouts_mbox_fetch                  0x08015913   Thumb Code   132  timers.o(.text)
    udp_init                                 0x08015a51   Thumb Code     2  udp.o(.text)
    udp_input                                0x08015aa3   Thumb Code   512  udp.o(.text)
    udp_bind                                 0x08015ca3   Thumb Code   170  udp.o(.text)
    udp_sendto_if                            0x08015d4d   Thumb Code   460  udp.o(.text)
    udp_sendto                               0x08015f19   Thumb Code    54  udp.o(.text)
    udp_send                                 0x08015f4f   Thumb Code    20  udp.o(.text)
    udp_connect                              0x08015f63   Thumb Code    98  udp.o(.text)
    udp_disconnect                           0x08015fc5   Thumb Code    16  udp.o(.text)
    udp_recv                                 0x08015fd5   Thumb Code     6  udp.o(.text)
    udp_remove                               0x08015fdb   Thumb Code    60  udp.o(.text)
    udp_new                                  0x08016017   Thumb Code    28  udp.o(.text)
    mem_init                                 0x08016113   Thumb Code   114  mem.o(.text)
    mem_free                                 0x08016185   Thumb Code   182  mem.o(.text)
    mem_trim                                 0x0801623b   Thumb Code   338  mem.o(.text)
    mem_malloc                               0x0801638d   Thumb Code   796  mem.o(.text)
    mem_calloc                               0x080166a9   Thumb Code    34  mem.o(.text)
    sys_mbox_new                             0x0801677d   Thumb Code   108  sys_arch.o(.text)
    sys_mbox_free                            0x080167e9   Thumb Code    56  sys_arch.o(.text)
    sys_mbox_post                            0x08016821   Thumb Code    28  sys_arch.o(.text)
    sys_mbox_trypost                         0x0801683d   Thumb Code    32  sys_arch.o(.text)
    sys_arch_mbox_fetch                      0x0801685d   Thumb Code   154  sys_arch.o(.text)
    sys_arch_mbox_tryfetch                   0x080168f7   Thumb Code    18  sys_arch.o(.text)
    sys_mbox_valid                           0x08016909   Thumb Code    56  sys_arch.o(.text)
    sys_mbox_set_invalid                     0x08016941   Thumb Code     6  sys_arch.o(.text)
    sys_sem_new                              0x08016947   Thumb Code    62  sys_arch.o(.text)
    sys_arch_sem_wait                        0x08016985   Thumb Code    96  sys_arch.o(.text)
    sys_sem_signal                           0x080169e5   Thumb Code    12  sys_arch.o(.text)
    sys_sem_free                             0x080169f1   Thumb Code    52  sys_arch.o(.text)
    sys_sem_valid                            0x08016a25   Thumb Code    22  sys_arch.o(.text)
    sys_sem_set_invalid                      0x08016a3b   Thumb Code     6  sys_arch.o(.text)
    sys_init                                 0x08016a41   Thumb Code     2  sys_arch.o(.text)
    sys_thread_new                           0x08016a43   Thumb Code    66  sys_arch.o(.text)
    sys_msleep                               0x08016a85   Thumb Code    12  sys_arch.o(.text)
    sys_now                                  0x08016a91   Thumb Code    26  sys_arch.o(.text)
    netconn_new_with_proto_and_callback      0x08016b51   Thumb Code   194  api_lib.o(.text)
    netconn_delete                           0x08016c13   Thumb Code    36  api_lib.o(.text)
    netconn_getaddr                          0x08016c37   Thumb Code   160  api_lib.o(.text)
    netconn_bind                             0x08016cd7   Thumb Code    98  api_lib.o(.text)
    netconn_connect                          0x08016d39   Thumb Code    98  api_lib.o(.text)
    netconn_disconnect                       0x08016d9b   Thumb Code    84  api_lib.o(.text)
    netconn_listen_with_backlog              0x08016def   Thumb Code    86  api_lib.o(.text)
    netconn_accept                           0x08016e45   Thumb Code   808  api_lib.o(.text)
    netconn_recv_tcp_pbuf                    0x080172e3   Thumb Code    56  api_lib.o(.text)
    netconn_recv                             0x0801731b   Thumb Code   270  api_lib.o(.text)
    netconn_recved                           0x08017429   Thumb Code    46  api_lib.o(.text)
    netconn_send                             0x08017457   Thumb Code    98  api_lib.o(.text)
    netconn_sendto                           0x080174b9   Thumb Code    44  api_lib.o(.text)
    netconn_write_partly                     0x080174e5   Thumb Code   434  api_lib.o(.text)
    netconn_close                            0x080176f7   Thumb Code    14  api_lib.o(.text)
    netconn_shutdown                         0x08017705   Thumb Code    36  api_lib.o(.text)
    netconn_free                             0x08018127   Thumb Code   330  api_msg.o(.text)
    netconn_alloc                            0x08018271   Thumb Code   174  api_msg.o(.text)
    do_newconn                               0x08018481   Thumb Code    32  api_msg.o(.text)
    do_delconn                               0x0801856d   Thumb Code   636  api_msg.o(.text)
    do_bind                                  0x080187e9   Thumb Code   116  api_msg.o(.text)
    do_connect                               0x08018931   Thumb Code   230  api_msg.o(.text)
    do_disconnect                            0x08018a17   Thumb Code    46  api_msg.o(.text)
    do_listen                                0x08018a45   Thumb Code   388  api_msg.o(.text)
    do_send                                  0x08018bc9   Thumb Code   166  api_msg.o(.text)
    do_recv                                  0x08018c6f   Thumb Code    72  api_msg.o(.text)
    do_write                                 0x08018cb7   Thumb Code   166  api_msg.o(.text)
    do_getaddr                               0x08018d5d   Thumb Code   198  api_msg.o(.text)
    do_close                                 0x08018e23   Thumb Code   184  api_msg.o(.text)
    netbuf_new                               0x08018f0d   Thumb Code    30  netbuf.o(.text)
    netbuf_delete                            0x08018f2b   Thumb Code    32  netbuf.o(.text)
    netbuf_alloc                             0x08018f4b   Thumb Code   102  netbuf.o(.text)
    netbuf_free                              0x08018fb1   Thumb Code    48  netbuf.o(.text)
    netbuf_ref                               0x08018fe1   Thumb Code    92  netbuf.o(.text)
    netbuf_chain                             0x0801903d   Thumb Code    78  netbuf.o(.text)
    netbuf_data                              0x0801908b   Thumb Code   122  netbuf.o(.text)
    netbuf_next                              0x08019105   Thumb Code    64  netbuf.o(.text)
    netbuf_first                             0x08019145   Thumb Code    36  netbuf.o(.text)
    lwip_socket_init                         0x080192bd   Thumb Code     2  sockets.o(.text)
    lwip_accept                              0x08019569   Thumb Code   668  sockets.o(.text)
    lwip_bind                                0x08019805   Thumb Code   186  sockets.o(.text)
    lwip_close                               0x080198bf   Thumb Code    94  sockets.o(.text)
    lwip_connect                             0x0801991d   Thumb Code   206  sockets.o(.text)
    lwip_listen                              0x080199eb   Thumb Code   136  sockets.o(.text)
    lwip_recvfrom                            0x08019a73   Thumb Code   816  sockets.o(.text)
    lwip_read                                0x08019da3   Thumb Code    28  sockets.o(.text)
    lwip_recv                                0x08019dbf   Thumb Code    34  sockets.o(.text)
    lwip_sendto                              0x08019de1   Thumb Code   278  sockets.o(.text)
    lwip_send                                0x08019ef7   Thumb Code   156  sockets.o(.text)
    lwip_socket                              0x08019f93   Thumb Code   296  sockets.o(.text)
    lwip_write                               0x0801a0bb   Thumb Code    22  sockets.o(.text)
    lwip_select                              0x0801a24d   Thumb Code   868  sockets.o(.text)
    lwip_shutdown                            0x0801a5b1   Thumb Code   298  sockets.o(.text)
    lwip_getpeername                         0x0801a75d   Thumb Code    22  sockets.o(.text)
    lwip_getsockname                         0x0801a773   Thumb Code    22  sockets.o(.text)
    lwip_getsockopt                          0x0801a985   Thumb Code   410  sockets.o(.text)
    lwip_setsockopt                          0x0801acd5   Thumb Code   318  sockets.o(.text)
    lwip_ioctl                               0x0801ae13   Thumb Code   116  sockets.o(.text)
    lwip_fcntl                               0x0801ae87   Thumb Code   142  sockets.o(.text)
    tcpip_input                              0x0801affb   Thumb Code    72  tcpip.o(.text)
    tcpip_callback_with_block                0x0801b043   Thumb Code    90  tcpip.o(.text)
    tcpip_timeout                            0x0801b09d   Thumb Code    64  tcpip.o(.text)
    tcpip_untimeout                          0x0801b0dd   Thumb Code    56  tcpip.o(.text)
    tcpip_apimsg                             0x0801b115   Thumb Code    60  tcpip.o(.text)
    tcpip_callbackmsg_new                    0x0801b151   Thumb Code    32  tcpip.o(.text)
    tcpip_callbackmsg_delete                 0x0801b171   Thumb Code    14  tcpip.o(.text)
    tcpip_trycallback                        0x0801b17f   Thumb Code    28  tcpip.o(.text)
    tcpip_init                               0x0801b19b   Thumb Code    72  tcpip.o(.text)
    pbuf_free_callback                       0x0801b1f1   Thumb Code    16  tcpip.o(.text)
    mem_free_callback                        0x0801b201   Thumb Code    16  tcpip.o(.text)
    OS_StrLen                                0x0801b2cd   Thumb Code    20  os_core.o(.text)
    OSEventNameGet                           0x0801b2e1   Thumb Code    98  os_core.o(.text)
    OSEventNameSet                           0x0801b343   Thumb Code    84  os_core.o(.text)
    OS_TaskStatStkChk                        0x0801b397   Thumb Code    54  os_core.o(.text)
    OS_TaskStat                              0x0801b3cd   Thumb Code   116  os_core.o(.text)
    OS_TaskIdle                              0x0801b475   Thumb Code    34  os_core.o(.text)
    OS_MemClr                                0x0801b4cb   Thumb Code    18  os_core.o(.text)
    OSInit                                   0x0801b5f1   Thumb Code    52  os_core.o(.text)
    OSIntEnter                               0x0801b625   Thumb Code    28  os_core.o(.text)
    OSIntExit                                0x0801b65b   Thumb Code   262  os_core.o(.text)
    OSSchedLock                              0x0801b761   Thumb Code    50  os_core.o(.text)
    OS_Sched                                 0x0801b793   Thumb Code    88  os_core.o(.text)
    OSSchedUnlock                            0x0801b7eb   Thumb Code    82  os_core.o(.text)
    OSStart                                  0x0801b83d   Thumb Code    48  os_core.o(.text)
    OSStatInit                               0x0801b86d   Thumb Code    62  os_core.o(.text)
    OSTimeTick                               0x0801b8ab   Thumb Code   210  os_core.o(.text)
    OSVersion                                0x0801b97d   Thumb Code     6  os_core.o(.text)
    OS_Dummy                                 0x0801b983   Thumb Code     2  os_core.o(.text)
    OS_EventTaskRemove                       0x0801b985   Thumb Code    42  os_core.o(.text)
    OS_EventTaskRdy                          0x0801b9af   Thumb Code   114  os_core.o(.text)
    OS_EventTaskWait                         0x0801ba21   Thumb Code   112  os_core.o(.text)
    OS_EventWaitListInit                     0x0801ba91   Thumb Code    28  os_core.o(.text)
    OS_MemCopy                               0x0801baad   Thumb Code    20  os_core.o(.text)
    OS_TCBInit                               0x0801bac1   Thumb Code   360  os_core.o(.text)
    OSFlagAccept                             0x0801bc3d   Thumb Code   252  os_flag.o(.text)
    OSFlagCreate                             0x0801bd39   Thumb Code    86  os_flag.o(.text)
    OS_FlagUnlink                            0x0801bd8f   Thumb Code    36  os_flag.o(.text)
    OSFlagDel                                0x0801be05   Thumb Code   214  os_flag.o(.text)
    OSFlagNameGet                            0x0801bedb   Thumb Code    80  os_flag.o(.text)
    OSFlagNameSet                            0x0801bf2b   Thumb Code    66  os_flag.o(.text)
    OSFlagPend                               0x0801c005   Thumb Code   614  os_flag.o(.text)
    OSFlagPendGetFlagsRdy                    0x0801c26b   Thumb Code    26  os_flag.o(.text)
    OSFlagPost                               0x0801c285   Thumb Code   312  os_flag.o(.text)
    OSFlagQuery                              0x0801c3bd   Thumb Code    48  os_flag.o(.text)
    OS_FlagInit                              0x0801c3ed   Thumb Code    78  os_flag.o(.text)
    OSMemCreate                              0x0801c449   Thumb Code   118  os_mem.o(.text)
    OSMemGet                                 0x0801c4bf   Thumb Code    62  os_mem.o(.text)
    OSMemNameGet                             0x0801c4fd   Thumb Code    60  os_mem.o(.text)
    OSMemNameSet                             0x0801c539   Thumb Code    48  os_mem.o(.text)
    OSMemPut                                 0x0801c569   Thumb Code    54  os_mem.o(.text)
    OSMemQuery                               0x0801c59f   Thumb Code    52  os_mem.o(.text)
    OS_MemInit                               0x0801c5d3   Thumb Code    74  os_mem.o(.text)
    OSQAccept                                0x0801c62d   Thumb Code    88  os_q.o(.text)
    OSQCreate                                0x0801c685   Thumb Code   144  os_q.o(.text)
    OSQDel                                   0x0801c715   Thumb Code   244  os_q.o(.text)
    OSQFlush                                 0x0801c809   Thumb Code    36  os_q.o(.text)
    OSQPend                                  0x0801c82d   Thumb Code   272  os_q.o(.text)
    OSQPendAbort                             0x0801c93d   Thumb Code   128  os_q.o(.text)
    OSQPost                                  0x0801c9bd   Thumb Code   114  os_q.o(.text)
    OSQPostFront                             0x0801ca2f   Thumb Code   140  os_q.o(.text)
    OSQPostOpt                               0x0801cabb   Thumb Code   182  os_q.o(.text)
    OSQQuery                                 0x0801cb71   Thumb Code    98  os_q.o(.text)
    OS_QInit                                 0x0801cbd3   Thumb Code    72  os_q.o(.text)
    OSSemAccept                              0x0801cc25   Thumb Code    42  os_sem.o(.text)
    OSSemCreate                              0x0801cc4f   Thumb Code    72  os_sem.o(.text)
    OSSemDel                                 0x0801cc97   Thumb Code   230  os_sem.o(.text)
    OSSemPend                                0x0801cd7d   Thumb Code   222  os_sem.o(.text)
    OSSemPendAbort                           0x0801ce5b   Thumb Code   128  os_sem.o(.text)
    OSSemPost                                0x0801cedb   Thumb Code    88  os_sem.o(.text)
    OSSemQuery                               0x0801cf33   Thumb Code    76  os_sem.o(.text)
    OSSemSet                                 0x0801cf7f   Thumb Code    66  os_sem.o(.text)
    OSTaskChangePrio                         0x0801d001   Thumb Code   308  os_task.o(.text)
    OSTaskCreate                             0x0801d135   Thumb Code   148  os_task.o(.text)
    OS_TaskStkClr                            0x0801d1c9   Thumb Code    26  os_task.o(.text)
    OSTaskCreateExt                          0x0801d1e3   Thumb Code   170  os_task.o(.text)
    OSTaskDel                                0x0801d28d   Thumb Code   294  os_task.o(.text)
    OSTaskDelReq                             0x0801d3b3   Thumb Code   144  os_task.o(.text)
    OSTaskNameGet                            0x0801d443   Thumb Code   114  os_task.o(.text)
    OSTaskNameSet                            0x0801d4b5   Thumb Code    98  os_task.o(.text)
    OSTaskResume                             0x0801d517   Thumb Code   154  os_task.o(.text)
    OSTaskStkChk                             0x0801d5b1   Thumb Code   132  os_task.o(.text)
    OSTaskSuspend                            0x0801d635   Thumb Code   152  os_task.o(.text)
    OSTaskQuery                              0x0801d6cd   Thumb Code    82  os_task.o(.text)
    OSTaskRegGet                             0x0801d71f   Thumb Code    60  os_task.o(.text)
    OSTaskRegSet                             0x0801d75b   Thumb Code    62  os_task.o(.text)
    OS_TaskReturn                            0x0801d799   Thumb Code    18  os_task.o(.text)
    OSTimeDly                                0x0801d7c5   Thumb Code   100  os_time.o(.text)
    OSTimeDlyHMSM                            0x0801d829   Thumb Code    86  os_time.o(.text)
    OSTimeDlyResume                          0x0801d87f   Thumb Code   168  os_time.o(.text)
    OSTimeGet                                0x0801d927   Thumb Code    24  os_time.o(.text)
    OSTimeSet                                0x0801d93f   Thumb Code    24  os_time.o(.text)
    OSTmrCreate                              0x0801d9a7   Thumb Code    96  os_tmr.o(.text)
    OSTmrDel                                 0x0801da7f   Thumb Code   124  os_tmr.o(.text)
    OSTmrNameGet                             0x0801dafb   Thumb Code   114  os_tmr.o(.text)
    OSTmrRemainGet                           0x0801db6d   Thumb Code   164  os_tmr.o(.text)
    OSTmrStateGet                            0x0801dc11   Thumb Code    86  os_tmr.o(.text)
    OSTmrStart                               0x0801dccb   Thumb Code   128  os_tmr.o(.text)
    OSTmrStop                                0x0801dd4b   Thumb Code   210  os_tmr.o(.text)
    OSTmrSignal                              0x0801de1d   Thumb Code    16  os_tmr.o(.text)
    OSTmr_Init                               0x0801ded1   Thumb Code   172  os_tmr.o(.text)
    OSInitHookBegin                          0x0801dfe5   Thumb Code     8  os_cpu_c.o(.text)
    OSInitHookEnd                            0x0801dfed   Thumb Code     2  os_cpu_c.o(.text)
    OSTaskCreateHook                         0x0801dfef   Thumb Code     2  os_cpu_c.o(.text)
    OSTaskDelHook                            0x0801dff1   Thumb Code     2  os_cpu_c.o(.text)
    OSTaskIdleHook                           0x0801dff3   Thumb Code     2  os_cpu_c.o(.text)
    OSTaskStatHook                           0x0801dff5   Thumb Code     2  os_cpu_c.o(.text)
    OSTaskStkInit                            0x0801dff7   Thumb Code   426  os_cpu_c.o(.text)
    OSTaskSwHook                             0x0801e1a1   Thumb Code     2  os_cpu_c.o(.text)
    OSTCBInitHook                            0x0801e1a3   Thumb Code     2  os_cpu_c.o(.text)
    OSTimeTickHook                           0x0801e1a5   Thumb Code    30  os_cpu_c.o(.text)
    OSTaskReturnHook                         0x0801e1c3   Thumb Code     2  os_cpu_c.o(.text)
    OS_CPU_SR_Save                           0x0801e1cd   Thumb Code     0  os_cpu_a.o(.text)
    OS_CPU_SR_Restore                        0x0801e1d5   Thumb Code     0  os_cpu_a.o(.text)
    OSStartHighRdy                           0x0801e1db   Thumb Code     0  os_cpu_a.o(.text)
    OSCtxSw                                  0x0801e1ff   Thumb Code     0  os_cpu_a.o(.text)
    OSIntCtxSw                               0x0801e20d   Thumb Code     0  os_cpu_a.o(.text)
    PendSV_Handler                           0x0801e21d   Thumb Code     0  os_cpu_a.o(.text)
    mymemcpy                                 0x0801e295   Thumb Code    26  malloc.o(.text)
    mymemset                                 0x0801e2af   Thumb Code    20  malloc.o(.text)
    mymem_init                               0x0801e2c3   Thumb Code    54  malloc.o(.text)
    mem_perused                              0x0801e2f9   Thumb Code    54  malloc.o(.text)
    mymem_malloc                             0x0801e32f   Thumb Code   162  malloc.o(.text)
    mymem_free                               0x0801e3d1   Thumb Code    94  malloc.o(.text)
    myfree                                   0x0801e42f   Thumb Code    32  malloc.o(.text)
    mymalloc                                 0x0801e44f   Thumb Code    36  malloc.o(.text)
    myrealloc                                0x0801e473   Thumb Code    68  malloc.o(.text)
    __use_no_semihosting                     0x0801e4c9   Thumb Code     2  use_no_semi_2.o(.text)
    __rt_ctype_table                         0x0801e4cd   Thumb Code    16  rt_ctype_table.o(.text)
    __2printf                                0x0801e4dd   Thumb Code    20  noretval__2printf.o(.text)
    __2sprintf                               0x0801e4f5   Thumb Code    34  noretval__2sprintf.o(.text)
    _printf_pre_padding                      0x0801e51d   Thumb Code    44  _printf_pad.o(.text)
    _printf_post_padding                     0x0801e549   Thumb Code    34  _printf_pad.o(.text)
    _printf_str                              0x0801e56b   Thumb Code    82  _printf_str.o(.text)
    _printf_int_dec                          0x0801e5bd   Thumb Code   104  _printf_dec.o(.text)
    _printf_int_hex                          0x0801e635   Thumb Code    84  _printf_hex_int.o(.text)
    _printf_longlong_hex                     0x0801e635   Thumb Code     0  _printf_hex_int.o(.text)
    __printf                                 0x0801e68d   Thumb Code   388  __printf_flags_ss_wp.o(.text)
    memcmp                                   0x0801e815   Thumb Code    88  memcmp.o(.text)
    strlen                                   0x0801e86d   Thumb Code    62  strlen.o(.text)
    __aeabi_memcpy                           0x0801e8ab   Thumb Code     0  rt_memcpy_v6.o(.text)
    __rt_memcpy                              0x0801e8ab   Thumb Code   138  rt_memcpy_v6.o(.text)
    _memcpy_lastbytes                        0x0801e911   Thumb Code     0  rt_memcpy_v6.o(.text)
    __aeabi_memclr                           0x0801e935   Thumb Code     0  rt_memclr.o(.text)
    __rt_memclr                              0x0801e935   Thumb Code    68  rt_memclr.o(.text)
    _memset                                  0x0801e939   Thumb Code     0  rt_memclr.o(.text)
    __aeabi_memclr4                          0x0801e979   Thumb Code     0  rt_memclr_w.o(.text)
    __aeabi_memclr8                          0x0801e979   Thumb Code     0  rt_memclr_w.o(.text)
    __rt_memclr_w                            0x0801e979   Thumb Code    78  rt_memclr_w.o(.text)
    _memset_w                                0x0801e97d   Thumb Code     0  rt_memclr_w.o(.text)
    strcmp                                   0x0801e9c9   Thumb Code   128  strcmpv7m.o(.text)
    __use_two_region_memory                  0x0801ea49   Thumb Code     2  heapauxi.o(.text)
    __rt_heap_escrow$2region                 0x0801ea4b   Thumb Code     2  heapauxi.o(.text)
    __rt_heap_expand$2region                 0x0801ea4d   Thumb Code     2  heapauxi.o(.text)
    __I$use$semihosting                      0x0801ea4f   Thumb Code     0  use_no_semi.o(.text)
    __use_no_semihosting_swi                 0x0801ea4f   Thumb Code     2  use_no_semi.o(.text)
    __rt_locale                              0x0801ea51   Thumb Code     8  rt_locale_intlibspace.o(.text)
    _printf_int_common                       0x0801ea59   Thumb Code   178  _printf_intcommon.o(.text)
    __lib_sel_fp_printf                      0x0801eb0b   Thumb Code     2  _printf_fp_dec.o(.text)
    _printf_fp_dec_real                      0x0801ecb9   Thumb Code   620  _printf_fp_dec.o(.text)
    _printf_char_common                      0x0801ef2f   Thumb Code    32  _printf_char_common.o(.text)
    _sputc                                   0x0801ef55   Thumb Code    10  _sputc.o(.text)
    _printf_cs_common                        0x0801ef5f   Thumb Code    20  _printf_char.o(.text)
    _printf_char                             0x0801ef73   Thumb Code    16  _printf_char.o(.text)
    _printf_string                           0x0801ef83   Thumb Code     8  _printf_char.o(.text)
    _printf_char_file                        0x0801ef8d   Thumb Code    32  _printf_char_file.o(.text)
    __aeabi_memcpy4                          0x0801efb1   Thumb Code     0  rt_memcpy_w.o(.text)
    __aeabi_memcpy8                          0x0801efb1   Thumb Code     0  rt_memcpy_w.o(.text)
    __rt_memcpy_w                            0x0801efb1   Thumb Code   100  rt_memcpy_w.o(.text)
    _memcpy_lastbytes_aligned                0x0801eff9   Thumb Code     0  rt_memcpy_w.o(.text)
    __user_libspace                          0x0801f015   Thumb Code     8  libspace.o(.text)
    __user_perproc_libspace                  0x0801f015   Thumb Code     0  libspace.o(.text)
    __user_perthread_libspace                0x0801f015   Thumb Code     0  libspace.o(.text)
    _ll_udiv10                               0x0801f01d   Thumb Code   138  lludiv10.o(.text)
    _printf_fp_infnan                        0x0801f0a9   Thumb Code   112  _printf_fp_infnan.o(.text)
    _btod_etento                             0x0801f129   Thumb Code   216  bigflt0.o(.text)
    ferror                                   0x0801f205   Thumb Code     8  ferror.o(.text)
    __user_setup_stackheap                   0x0801f20d   Thumb Code    74  sys_stackheap_outer.o(.text)
    exit                                     0x0801f257   Thumb Code    18  exit.o(.text)
    _btod_d2e                                0x0801f269   Thumb Code    62  btod.o(CL$$btod_d2e)
    _d2e_denorm_low                          0x0801f2a7   Thumb Code    70  btod.o(CL$$btod_d2e_denorm_low)
    _d2e_norm_op1                            0x0801f2ed   Thumb Code    96  btod.o(CL$$btod_d2e_norm_op1)
    __btod_div_common                        0x0801f34d   Thumb Code   696  btod.o(CL$$btod_div_common)
    _e2e                                     0x0801f685   Thumb Code   198  btod.o(CL$$btod_e2e)
    _btod_ediv                               0x0801f74b   Thumb Code    40  btod.o(CL$$btod_ediv)
    _btod_emul                               0x0801f773   Thumb Code    40  btod.o(CL$$btod_emul)
    __btod_mult_common                       0x0801f79b   Thumb Code   580  btod.o(CL$$btod_mult_common)
    __ARM_fpclassify                         0x0801f9df   Thumb Code    48  fpclassify.o(i.__ARM_fpclassify)
    __hardfp_fabs                            0x0801fa0f   Thumb Code    20  fabs.o(i.__hardfp_fabs)
    _is_digit                                0x0801fa23   Thumb Code    14  __printf_wp.o(i._is_digit)
    _get_lc_ctype                            0x0801fa31   Thumb Code    44  lc_ctype_c.o(locale$$code)
    _get_lc_numeric                          0x0801fa5d   Thumb Code    44  lc_numeric_c.o(locale$$code)
    __aeabi_d2f                              0x0801fa89   Thumb Code     0  d2f.o(x$fpl$d2f)
    _d2f                                     0x0801fa89   Thumb Code    98  d2f.o(x$fpl$d2f)
    __fpl_dcmp_Inf                           0x0801faeb   Thumb Code    24  dcmpi.o(x$fpl$dcmpinf)
    __aeabi_ddiv                             0x0801fb05   Thumb Code     0  ddiv.o(x$fpl$ddiv)
    _ddiv                                    0x0801fb05   Thumb Code   552  ddiv.o(x$fpl$ddiv)
    __aeabi_cdcmpeq                          0x0801fdb5   Thumb Code     0  deqf.o(x$fpl$deqf)
    _dcmpeq                                  0x0801fdb5   Thumb Code   120  deqf.o(x$fpl$deqf)
    __aeabi_d2uiz                            0x0801fe2d   Thumb Code     0  dfixu.o(x$fpl$dfixu)
    _dfixu                                   0x0801fe2d   Thumb Code    90  dfixu.o(x$fpl$dfixu)
    __aeabi_i2d                              0x0801fe87   Thumb Code     0  dflt_clz.o(x$fpl$dflt)
    _dflt                                    0x0801fe87   Thumb Code    46  dflt_clz.o(x$fpl$dflt)
    __aeabi_ui2d                             0x0801feb5   Thumb Code     0  dflt_clz.o(x$fpl$dfltu)
    _dfltu                                   0x0801feb5   Thumb Code    38  dflt_clz.o(x$fpl$dfltu)
    __aeabi_cdcmple                          0x0801fedd   Thumb Code     0  dleqf.o(x$fpl$dleqf)
    _dcmple                                  0x0801fedd   Thumb Code   120  dleqf.o(x$fpl$dleqf)
    __fpl_dcmple_InfNaN                      0x0801ff3f   Thumb Code     0  dleqf.o(x$fpl$dleqf)
    __aeabi_dmul                             0x0801ff55   Thumb Code     0  dmul.o(x$fpl$dmul)
    _dmul                                    0x0801ff55   Thumb Code   332  dmul.o(x$fpl$dmul)
    __fpl_dnaninf                            0x080200a9   Thumb Code   156  dnaninf.o(x$fpl$dnaninf)
    __fpl_dretinf                            0x08020145   Thumb Code    12  dretinf.o(x$fpl$dretinf)
    __aeabi_f2d                              0x08020151   Thumb Code     0  f2d.o(x$fpl$f2d)
    _f2d                                     0x08020151   Thumb Code    86  f2d.o(x$fpl$f2d)
    __fpl_fnaninf                            0x080201a7   Thumb Code   140  fnaninf.o(x$fpl$fnaninf)
    _fp_init                                 0x08020233   Thumb Code    10  fpinit.o(x$fpl$fpinit)
    __fplib_config_fpu_vfp                   0x0802023b   Thumb Code     0  fpinit.o(x$fpl$fpinit)
    __fplib_config_pureend_doubles           0x0802023b   Thumb Code     0  fpinit.o(x$fpl$fpinit)
    __fpl_fretinf                            0x0802023d   Thumb Code    10  fretinf.o(x$fpl$fretinf)
    _printf_fp_dec                           0x08020247   Thumb Code     4  printf1.o(x$fpl$printf1)
    __I$use$fp                               0x0802024a   Number         0  usenofp.o(x$fpl$usenofp)
    asc2_1206                                0x0802024a   Data        1140  lcd.o(.constdata)
    asc2_1608                                0x080206be   Data        1520  lcd.o(.constdata)
    asc2_2412                                0x08020cae   Data        3420  lcd.o(.constdata)
    FSMC_DefaultTimingStruct                 0x08021a0c   Data          28  stm32f4xx_fsmc.o(.constdata)
    ethbroadcast                             0x08021a28   Data           6  etharp.o(.constdata)
    ethzero                                  0x08021a2e   Data           6  etharp.o(.constdata)
    ip_addr_any                              0x08021a34   Data           4  ip_addr.o(.constdata)
    ip_addr_broadcast                        0x08021a38   Data           4  ip_addr.o(.constdata)
    tcp_state_str                            0x08021a74   Data          44  tcp.o(.constdata)
    tcp_backoff                              0x08021aa0   Data          13  tcp.o(.constdata)
    tcp_persist_backoff                      0x08021aad   Data           7  tcp.o(.constdata)
    tcp_pcb_lists                            0x08021ab4   Data          16  tcp.o(.constdata)
    pvNullPointer                            0x08021ac4   Data           4  sys_arch.o(.constdata)
    OSUnMapTbl                               0x08021b08   Data         256  os_core.o(.constdata)
    memtblsize                               0x08021c08   Data          12  malloc.o(.constdata)
    memblksize                               0x08021c14   Data          12  malloc.o(.constdata)
    memsize                                  0x08021c20   Data          12  malloc.o(.constdata)
    Region$$Table$$Base                      0x08022094   Number         0  anon$$obj.o(Region$$Table)
    Region$$Table$$Limit                     0x080220b4   Number         0  anon$$obj.o(Region$$Table)
    __ctype                                  0x080220c1   Data           0  lc_ctype_c.o(locale$$data)
    mem3base                                 0x10000000   Data       61440  malloc.o(.ARM.__AT_0x10000000)
    mem3mapbase                              0x1000f000   Data        3840  malloc.o(.ARM.__AT_0x1000F000)
    SystemCoreClock                          0x20000000   Data           4  system_stm32f4xx.o(.data)
    AHBPrescTable                            0x20000004   Data          16  system_stm32f4xx.o(.data)
    POINT_COLOR                              0x20000016   Data           2  lcd.o(.data)
    BACK_COLOR                               0x20000018   Data           2  lcd.o(.data)
    DMARxDscrTab                             0x2000001c   Data           4  lan8720.o(.data)
    DMATxDscrTab                             0x20000020   Data           4  lan8720.o(.data)
    Rx_Buff                                  0x20000024   Data           4  lan8720.o(.data)
    Tx_Buff                                  0x20000028   Data           4  lan8720.o(.data)
    ADDR                                     0x2000002c   Data           1  sensor.o(.data)
    ZF_flag                                  0x2000002d   Data           6  sensor.o(.data)
    xun                                      0x20000033   Data           1  sensor.o(.data)
    Rx_Buffer                                0x20000034   Data           6  sensor.o(.data)
    Rx_Cnt                                   0x2000003a   Data           1  sensor.o(.data)
    Rx_Cmd                                   0x2000003b   Data           1  sensor.o(.data)
    Rx_Num                                   0x2000003c   Data           1  sensor.o(.data)
    Rx_Flag                                  0x2000003d   Data           1  sensor.o(.data)
    DMATxDescToSet                           0x20000050   Data           4  stm32f4x7_eth.o(.data)
    DMARxDescToGet                           0x20000054   Data           4  stm32f4x7_eth.o(.data)
    DMA_RX_FRAME_infos                       0x20000058   Data           4  stm32f4x7_eth.o(.data)
    Frame_Rx_index                           0x2000005c   Data           4  stm32f4x7_eth.o(.data)
    __stdout                                 0x20000064   Data           4  usart.o(.data)
    USART_RX_STA                             0x20000068   Data           2  usart.o(.data)
    sys_cmd_tab                              0x2000006c   Data          28  usmart.o(.data)
    usmart_nametab                           0x20000088   Data          48  usmart_config.o(.data)
    usmart_dev                               0x200000b8   Data         244  usmart_config.o(.data)
    TCPIP_THREAD_TASK_STK                    0x200001ac   Data           4  lwip_comm.o(.data)
    LWIP_DHCP_TASK_STK                       0x200001b0   Data           4  lwip_comm.o(.data)
    udp_demo_sendbuf                         0x200001b4   Data           4  udp_demo.o(.data)
    udp_flag                                 0x200001b8   Data           1  udp_demo.o(.data)
    test                                     0x200001bc   Data          72  udp_demo.o(.data)
    current_netif                            0x20000214   Data           4  ip.o(.data)
    current_header                           0x20000218   Data           4  ip.o(.data)
    current_iphdr_src                        0x2000021c   Data           4  ip.o(.data)
    current_iphdr_dest                       0x20000220   Data           4  ip.o(.data)
    memp_memory                              0x2000026c   Data           4  memp.o(.data)
    netif_list                               0x20000270   Data           4  netif.o(.data)
    netif_default                            0x20000274   Data           4  netif.o(.data)
    tcp_ticks                                0x20000284   Data           4  tcp.o(.data)
    tcp_bound_pcbs                           0x20000288   Data           4  tcp.o(.data)
    tcp_listen_pcbs                          0x2000028c   Data           4  tcp.o(.data)
    tcp_active_pcbs                          0x20000290   Data           4  tcp.o(.data)
    tcp_tw_pcbs                              0x20000294   Data           4  tcp.o(.data)
    tcp_tmp_pcb                              0x20000298   Data           4  tcp.o(.data)
    tcp_active_pcbs_changed                  0x2000029c   Data           1  tcp.o(.data)
    tcp_input_pcb                            0x200002c0   Data           4  tcp_in.o(.data)
    udp_pcbs                                 0x200002d0   Data           4  udp.o(.data)
    ram_heap                                 0x200002d4   Data           4  mem.o(.data)
    OSCtxSwCtr                               0x200002fc   Data           4  os_core.o(.data)
    OSEventFreeList                          0x20000300   Data           4  os_core.o(.data)
    OSFlagFreeList                           0x20000304   Data           4  os_core.o(.data)
    OSCPUUsage                               0x20000308   Data           1  os_core.o(.data)
    OSIdleCtrMax                             0x2000030c   Data           4  os_core.o(.data)
    OSIdleCtrRun                             0x20000310   Data           4  os_core.o(.data)
    OSStatRdy                                0x20000314   Data           1  os_core.o(.data)
    OSIntNesting                             0x20000315   Data           1  os_core.o(.data)
    OSLockNesting                            0x20000316   Data           1  os_core.o(.data)
    OSPrioCur                                0x20000317   Data           1  os_core.o(.data)
    OSPrioHighRdy                            0x20000318   Data           1  os_core.o(.data)
    OSRdyGrp                                 0x20000319   Data           1  os_core.o(.data)
    OSRdyTbl                                 0x2000031a   Data           8  os_core.o(.data)
    OSRunning                                0x20000322   Data           1  os_core.o(.data)
    OSTaskCtr                                0x20000323   Data           1  os_core.o(.data)
    OSIdleCtr                                0x20000324   Data           4  os_core.o(.data)
    OSTCBCur                                 0x20000328   Data           4  os_core.o(.data)
    OSTCBFreeList                            0x2000032c   Data           4  os_core.o(.data)
    OSTCBHighRdy                             0x20000330   Data           4  os_core.o(.data)
    OSTCBList                                0x20000334   Data           4  os_core.o(.data)
    OSTickStepState                          0x20000338   Data           1  os_core.o(.data)
    OSMemFreeList                            0x2000033c   Data           4  os_core.o(.data)
    OSQFreeList                              0x20000340   Data           4  os_core.o(.data)
    OSTime                                   0x20000344   Data           4  os_core.o(.data)
    OSTmrFree                                0x20000348   Data           2  os_core.o(.data)
    OSTmrUsed                                0x2000034a   Data           2  os_core.o(.data)
    OSTmrTime                                0x2000034c   Data           4  os_core.o(.data)
    OSTmrSem                                 0x20000350   Data           4  os_core.o(.data)
    OSTmrSemSignal                           0x20000354   Data           4  os_core.o(.data)
    OSTmrFreeList                            0x20000358   Data           4  os_core.o(.data)
    OSInterrputSum                           0x2000035c   Data           4  os_cpu_c.o(.data)
    mallco_dev                               0x20000364   Data          36  malloc.o(.data)
    KEY_TASK_STK                             0x20000388   Data         512  main.o(.bss)
    LED_TASK_STK                             0x20000588   Data         256  main.o(.bss)
    DISPLAY_TASK_STK                         0x20000688   Data         512  main.o(.bss)
    START_TASK_STK                           0x20000888   Data         512  main.o(.bss)
    lcddev                                   0x20000a88   Data          14  lcd.o(.bss)
    out                                      0x20000a98   Data          24  sensor.o(.bss)
    out2                                     0x20000ab0   Data          24  sensor.o(.bss)
    out3                                     0x20000ac8   Data          24  sensor.o(.bss)
    anglef                                   0x20000ae0   Data          24  sensor.o(.bss)
    anglef2                                  0x20000af8   Data          24  sensor.o(.bss)
    anglef3                                  0x20000b10   Data          24  sensor.o(.bss)
    anglem                                   0x20000b28   Data          24  sensor.o(.bss)
    angle                                    0x20000b40   Data          24  sensor.o(.bss)
    angle2                                   0x20000b58   Data          24  sensor.o(.bss)
    angle3                                   0x20000b70   Data          24  sensor.o(.bss)
    angle_udp                                0x20000b88   Data          72  sensor.o(.bss)
    RX_Frame_Descriptor                      0x20000bd0   Data          12  stm32f4x7_eth.o(.bss)
    USART_RX_BUF                             0x20000bdc   Data         200  usart.o(.bss)
    lwipdev                                  0x20000ca4   Data          23  lwip_comm.o(.bss)
    lwip_netif                               0x20000cbc   Data          52  lwip_comm.o(.bss)
    UDP_TASK_STK                             0x20000cf0   Data        1200  udp_demo.o(.bss)
    udp_demo_recvbuf                         0x200011a0   Data        2000  udp_demo.o(.bss)
    dhcp_rx_options_val                      0x20001a48   Data          40  dhcp.o(.bss)
    dhcp_rx_options_given                    0x20001a70   Data          10  dhcp.o(.bss)
    OSEventTbl                               0x20001b28   Data         240  os_core.o(.bss)
    OSFlagTbl                                0x20001c18   Data          80  os_core.o(.bss)
    OSTaskStatStk                            0x20001c68   Data         512  os_core.o(.bss)
    OSTaskIdleStk                            0x20001e68   Data         512  os_core.o(.bss)
    OSTCBPrioTbl                             0x20002068   Data         256  os_core.o(.bss)
    OSTCBTbl                                 0x20002168   Data        1008  os_core.o(.bss)
    OSMemTbl                                 0x20002558   Data         120  os_core.o(.bss)
    OSQTbl                                   0x200025d0   Data         120  os_core.o(.bss)
    OSTmrTbl                                 0x20002648   Data         640  os_core.o(.bss)
    OSTmrTaskStk                             0x200028c8   Data         512  os_core.o(.bss)
    OSTmrWheelTbl                            0x20002ac8   Data          64  os_core.o(.bss)
    mem1base                                 0x20002b08   Data       102400  malloc.o(.bss)
    mem1mapbase                              0x2001bb08   Data        6400  malloc.o(.bss)
    __libspace_start                         0x2001d408   Data          96  libspace.o(.bss)
    __temporary_stack_top$libspace           0x2001d468   Data           0  libspace.o(.bss)
    mem2base                                 0x68000000   Data       204800  malloc.o(.ARM.__AT_0x68000000)
    mem2mapbase                              0x68032000   Data       12800  malloc.o(.ARM.__AT_0x68032000)



==============================================================================

Memory Map of the image

  Image Entry point : 0x08000189

  Load Region LR_IROM1 (Base: 0x08000000, Size: 0x00022568, Max: 0x00100000, ABSOLUTE, COMPRESSED[0x000222f8])

    Execution Region ER_IROM1 (Base: 0x08000000, Size: 0x000221e0, Max: 0x00100000, ABSOLUTE)

    Base Addr    Size         Type   Attr      Idx    E Section Name        Object

    0x08000000   0x00000188   Data   RO          478    RESET               startup_stm32f40_41xxx.o
    0x08000188   0x00000008   Code   RO         2256  * !!!main             c_w.l(__main.o)
    0x08000190   0x00000034   Code   RO         2521    !!!scatter          c_w.l(__scatter.o)
    0x080001c4   0x0000005a   Code   RO         2519    !!dczerorl2         c_w.l(__dczerorl2.o)
    0x0800021e   0x00000002   PAD
    0x08000220   0x0000001c   Code   RO         2523    !!handler_zi        c_w.l(__scatter_zi.o)
    0x0800023c   0x00000000   Code   RO         2241    .ARM.Collect$$_printf_percent$$00000000  c_w.l(_printf_percent.o)
    0x0800023c   0x00000006   Code   RO         2240    .ARM.Collect$$_printf_percent$$00000003  c_w.l(_printf_f.o)
    0x08000242   0x00000006   Code   RO         2238    .ARM.Collect$$_printf_percent$$00000009  c_w.l(_printf_d.o)
    0x08000248   0x00000006   Code   RO         2239    .ARM.Collect$$_printf_percent$$0000000A  c_w.l(_printf_u.o)
    0x0800024e   0x00000006   Code   RO         2237    .ARM.Collect$$_printf_percent$$0000000C  c_w.l(_printf_x.o)
    0x08000254   0x00000006   Code   RO         2235    .ARM.Collect$$_printf_percent$$00000013  c_w.l(_printf_c.o)
    0x0800025a   0x00000006   Code   RO         2236    .ARM.Collect$$_printf_percent$$00000014  c_w.l(_printf_s.o)
    0x08000260   0x00000004   Code   RO         2310    .ARM.Collect$$_printf_percent$$00000017  c_w.l(_printf_percent_end.o)
    0x08000264   0x00000002   Code   RO         2443    .ARM.Collect$$libinit$$00000000  c_w.l(libinit.o)
    0x08000266   0x00000004   Code   RO         2383    .ARM.Collect$$libinit$$00000001  c_w.l(libinit2.o)
    0x0800026a   0x00000000   Code   RO         2386    .ARM.Collect$$libinit$$00000004  c_w.l(libinit2.o)
    0x0800026a   0x00000000   Code   RO         2389    .ARM.Collect$$libinit$$0000000A  c_w.l(libinit2.o)
    0x0800026a   0x00000000   Code   RO         2391    .ARM.Collect$$libinit$$0000000C  c_w.l(libinit2.o)
    0x0800026a   0x00000000   Code   RO         2393    .ARM.Collect$$libinit$$0000000E  c_w.l(libinit2.o)
    0x0800026a   0x00000006   Code   RO         2394    .ARM.Collect$$libinit$$0000000F  c_w.l(libinit2.o)
    0x08000270   0x00000000   Code   RO         2396    .ARM.Collect$$libinit$$00000011  c_w.l(libinit2.o)
    0x08000270   0x0000000c   Code   RO         2397    .ARM.Collect$$libinit$$00000012  c_w.l(libinit2.o)
    0x0800027c   0x00000000   Code   RO         2398    .ARM.Collect$$libinit$$00000013  c_w.l(libinit2.o)
    0x0800027c   0x00000000   Code   RO         2400    .ARM.Collect$$libinit$$00000015  c_w.l(libinit2.o)
    0x0800027c   0x0000000a   Code   RO         2401    .ARM.Collect$$libinit$$00000016  c_w.l(libinit2.o)
    0x08000286   0x00000000   Code   RO         2402    .ARM.Collect$$libinit$$00000017  c_w.l(libinit2.o)
    0x08000286   0x00000000   Code   RO         2404    .ARM.Collect$$libinit$$00000019  c_w.l(libinit2.o)
    0x08000286   0x00000000   Code   RO         2406    .ARM.Collect$$libinit$$0000001B  c_w.l(libinit2.o)
    0x08000286   0x00000000   Code   RO         2408    .ARM.Collect$$libinit$$0000001D  c_w.l(libinit2.o)
    0x08000286   0x00000000   Code   RO         2410    .ARM.Collect$$libinit$$0000001F  c_w.l(libinit2.o)
    0x08000286   0x00000000   Code   RO         2412    .ARM.Collect$$libinit$$00000021  c_w.l(libinit2.o)
    0x08000286   0x00000000   Code   RO         2414    .ARM.Collect$$libinit$$00000023  c_w.l(libinit2.o)
    0x08000286   0x00000000   Code   RO         2416    .ARM.Collect$$libinit$$00000025  c_w.l(libinit2.o)
    0x08000286   0x00000000   Code   RO         2420    .ARM.Collect$$libinit$$0000002C  c_w.l(libinit2.o)
    0x08000286   0x00000000   Code   RO         2422    .ARM.Collect$$libinit$$0000002E  c_w.l(libinit2.o)
    0x08000286   0x00000000   Code   RO         2424    .ARM.Collect$$libinit$$00000030  c_w.l(libinit2.o)
    0x08000286   0x00000000   Code   RO         2426    .ARM.Collect$$libinit$$00000032  c_w.l(libinit2.o)
    0x08000286   0x00000002   Code   RO         2427    .ARM.Collect$$libinit$$00000033  c_w.l(libinit2.o)
    0x08000288   0x00000002   Code   RO         2476    .ARM.Collect$$libshutdown$$00000000  c_w.l(libshutdown.o)
    0x0800028a   0x00000000   Code   RO         2482    .ARM.Collect$$libshutdown$$00000002  c_w.l(libshutdown2.o)
    0x0800028a   0x00000000   Code   RO         2484    .ARM.Collect$$libshutdown$$00000004  c_w.l(libshutdown2.o)
    0x0800028a   0x00000000   Code   RO         2487    .ARM.Collect$$libshutdown$$00000007  c_w.l(libshutdown2.o)
    0x0800028a   0x00000000   Code   RO         2490    .ARM.Collect$$libshutdown$$0000000A  c_w.l(libshutdown2.o)
    0x0800028a   0x00000000   Code   RO         2492    .ARM.Collect$$libshutdown$$0000000C  c_w.l(libshutdown2.o)
    0x0800028a   0x00000000   Code   RO         2495    .ARM.Collect$$libshutdown$$0000000F  c_w.l(libshutdown2.o)
    0x0800028a   0x00000002   Code   RO         2496    .ARM.Collect$$libshutdown$$00000010  c_w.l(libshutdown2.o)
    0x0800028c   0x00000000   Code   RO         2292    .ARM.Collect$$rtentry$$00000000  c_w.l(__rtentry.o)
    0x0800028c   0x00000000   Code   RO         2331    .ARM.Collect$$rtentry$$00000002  c_w.l(__rtentry2.o)
    0x0800028c   0x00000006   Code   RO         2343    .ARM.Collect$$rtentry$$00000004  c_w.l(__rtentry4.o)
    0x08000292   0x00000000   Code   RO         2333    .ARM.Collect$$rtentry$$00000009  c_w.l(__rtentry2.o)
    0x08000292   0x00000004   Code   RO         2334    .ARM.Collect$$rtentry$$0000000A  c_w.l(__rtentry2.o)
    0x08000296   0x00000000   Code   RO         2336    .ARM.Collect$$rtentry$$0000000C  c_w.l(__rtentry2.o)
    0x08000296   0x00000008   Code   RO         2337    .ARM.Collect$$rtentry$$0000000D  c_w.l(__rtentry2.o)
    0x0800029e   0x00000002   Code   RO         2446    .ARM.Collect$$rtexit$$00000000  c_w.l(rtexit.o)
    0x080002a0   0x00000000   Code   RO         2455    .ARM.Collect$$rtexit$$00000002  c_w.l(rtexit2.o)
    0x080002a0   0x00000004   Code   RO         2456    .ARM.Collect$$rtexit$$00000003  c_w.l(rtexit2.o)
    0x080002a4   0x00000006   Code   RO         2457    .ARM.Collect$$rtexit$$00000004  c_w.l(rtexit2.o)
    0x080002aa   0x00000002   PAD
    0x080002ac   0x000004f0   Code   RO            3    .text               main.o
    0x0800079c   0x00000014   Code   RO          229    .text               stm32f4xx_it.o
    0x080007b0   0x00000210   Code   RO          278    .text               system_stm32f4xx.o
    0x080009c0   0x000000e0   Code   RO          304    .text               key.o
    0x08000aa0   0x00000084   Code   RO          325    .text               led.o
    0x08000b24   0x00000070   Code   RO          345    .text               timer.o
    0x08000b94   0x00004ca8   Code   RO          365    .text               lcd.o
    0x0800583c   0x00000390   Code   RO          403    .text               lan8720.o
    0x08005bcc   0x000002a4   Code   RO          434    .text               sram.o
    0x08005e70   0x00001294   Code   RO          454    .text               sensor.o
    0x08007104   0x00000040   Code   RO          479    .text               startup_stm32f40_41xxx.o
    0x08007144   0x000000e0   Code   RO          485    .text               misc.o
    0x08007224   0x00000294   Code   RO          505    .text               stm32f4xx_gpio.o
    0x080074b8   0x0000065c   Code   RO          525    .text               stm32f4xx_rcc.o
    0x08007b14   0x00000094   Code   RO          547    .text               stm32f4xx_syscfg.o
    0x08007ba8   0x00000ca2   Code   RO          567    .text               stm32f4xx_tim.o
    0x0800884a   0x00000002   PAD
    0x0800884c   0x00000454   Code   RO          587    .text               stm32f4xx_usart.o
    0x08008ca0   0x00000e40   Code   RO          607    .text               stm32f4x7_eth.o
    0x08009ae0   0x000005c8   Code   RO          654    .text               stm32f4xx_fsmc.o
    0x0800a0a8   0x00000128   Code   RO          677    .text               delay.o
    0x0800a1d0   0x0000015c   Code   RO          717    .text               usart.o
    0x0800a32c   0x00000c3c   Code   RO          748    .text               usmart.o
    0x0800af68   0x00000528   Code   RO          793    .text               usmart_str.o
    0x0800b490   0x0000051c   Code   RO          813    .text               lwip_comm.o
    0x0800b9ac   0x00000150   Code   RO          938    .text               udp_demo.o
    0x0800bafc   0x00000e84   Code   RO          981    .text               etharp.o
    0x0800c980   0x00000228   Code   RO         1025    .text               ethernetif.o
    0x0800cba8   0x00000424   Code   RO         1081    .text               icmp.o
    0x0800cfcc   0x000002b4   Code   RO         1146    .text               inet_chksum.o
    0x0800d280   0x00000430   Code   RO         1166    .text               ip.o
    0x0800d6b0   0x0000032c   Code   RO         1201    .text               ip_addr.o
    0x0800d9dc   0x00000a28   Code   RO         1238    .text               ip_frag.o
    0x0800e404   0x0000003e   Code   RO         1263    .text               def.o
    0x0800e442   0x00000002   PAD
    0x0800e444   0x00001a6c   Code   RO         1283    .text               dhcp.o
    0x0800feb0   0x00000024   Code   RO         1325    .text               init.o
    0x0800fed4   0x000001d4   Code   RO         1360    .text               memp.o
    0x080100a8   0x00000340   Code   RO         1401    .text               netif.o
    0x080103e8   0x000010a0   Code   RO         1431    .text               pbuf.o
    0x08011488   0x0000024c   Code   RO         1451    .text               raw.o
    0x080116d4   0x0000148c   Code   RO         1487    .text               tcp.o
    0x08012b60   0x00001878   Code   RO         1519    .text               tcp_in.o
    0x080143d8   0x00001346   Code   RO         1550    .text               tcp_out.o
    0x0801571e   0x00000002   PAD
    0x08015720   0x00000330   Code   RO         1571    .text               timers.o
    0x08015a50   0x000005e8   Code   RO         1620    .text               udp.o
    0x08016038   0x00000744   Code   RO         1657    .text               mem.o
    0x0801677c   0x000003d4   Code   RO         1680    .text               sys_arch.o
    0x08016b50   0x00000bfc   Code   RO         1713    .text               api_lib.o
    0x0801774c   0x000017c0   Code   RO         1752    .text               api_msg.o
    0x08018f0c   0x000003b0   Code   RO         1795    .text               netbuf.o
    0x080192bc   0x00001c58   Code   RO         1846    .text               sockets.o
    0x0801af14   0x000003b8   Code   RO         1870    .text               tcpip.o
    0x0801b2cc   0x00000970   Code   RO         1901    .text               os_core.o
    0x0801bc3c   0x0000080c   Code   RO         1929    .text               os_flag.o
    0x0801c448   0x000001e4   Code   RO         1969    .text               os_mem.o
    0x0801c62c   0x000005f8   Code   RO         2009    .text               os_q.o
    0x0801cc24   0x000003dc   Code   RO         2029    .text               os_sem.o
    0x0801d000   0x000007c4   Code   RO         2049    .text               os_task.o
    0x0801d7c4   0x000001b0   Code   RO         2069    .text               os_time.o
    0x0801d974   0x00000670   Code   RO         2089    .text               os_tmr.o
    0x0801dfe4   0x000001e8   Code   RO         2109    .text               os_cpu_c.o
    0x0801e1cc   0x000000c8   Code   RO         2137    .text               os_cpu_a.o
    0x0801e294   0x00000234   Code   RO         2142    .text               malloc.o
    0x0801e4c8   0x00000002   Code   RO         2174    .text               c_w.l(use_no_semi_2.o)
    0x0801e4ca   0x00000002   PAD
    0x0801e4cc   0x00000010   Code   RO         2176    .text               c_w.l(rt_ctype_table.o)
    0x0801e4dc   0x00000018   Code   RO         2182    .text               c_w.l(noretval__2printf.o)
    0x0801e4f4   0x00000028   Code   RO         2184    .text               c_w.l(noretval__2sprintf.o)
    0x0801e51c   0x0000004e   Code   RO         2188    .text               c_w.l(_printf_pad.o)
    0x0801e56a   0x00000052   Code   RO         2190    .text               c_w.l(_printf_str.o)
    0x0801e5bc   0x00000078   Code   RO         2192    .text               c_w.l(_printf_dec.o)
    0x0801e634   0x00000058   Code   RO         2197    .text               c_w.l(_printf_hex_int.o)
    0x0801e68c   0x00000188   Code   RO         2232    .text               c_w.l(__printf_flags_ss_wp.o)
    0x0801e814   0x00000058   Code   RO         2242    .text               c_w.l(memcmp.o)
    0x0801e86c   0x0000003e   Code   RO         2244    .text               c_w.l(strlen.o)
    0x0801e8aa   0x0000008a   Code   RO         2246    .text               c_w.l(rt_memcpy_v6.o)
    0x0801e934   0x00000044   Code   RO         2248    .text               c_w.l(rt_memclr.o)
    0x0801e978   0x0000004e   Code   RO         2250    .text               c_w.l(rt_memclr_w.o)
    0x0801e9c6   0x00000002   PAD
    0x0801e9c8   0x00000080   Code   RO         2252    .text               c_w.l(strcmpv7m.o)
    0x0801ea48   0x00000006   Code   RO         2254    .text               c_w.l(heapauxi.o)
    0x0801ea4e   0x00000002   Code   RO         2290    .text               c_w.l(use_no_semi.o)
    0x0801ea50   0x00000008   Code   RO         2296    .text               c_w.l(rt_locale_intlibspace.o)
    0x0801ea58   0x000000b2   Code   RO         2298    .text               c_w.l(_printf_intcommon.o)
    0x0801eb0a   0x0000041a   Code   RO         2300    .text               c_w.l(_printf_fp_dec.o)
    0x0801ef24   0x00000030   Code   RO         2302    .text               c_w.l(_printf_char_common.o)
    0x0801ef54   0x0000000a   Code   RO         2304    .text               c_w.l(_sputc.o)
    0x0801ef5e   0x0000002c   Code   RO         2306    .text               c_w.l(_printf_char.o)
    0x0801ef8a   0x00000002   PAD
    0x0801ef8c   0x00000024   Code   RO         2308    .text               c_w.l(_printf_char_file.o)
    0x0801efb0   0x00000064   Code   RO         2314    .text               c_w.l(rt_memcpy_w.o)
    0x0801f014   0x00000008   Code   RO         2327    .text               c_w.l(libspace.o)
    0x0801f01c   0x0000008a   Code   RO         2345    .text               c_w.l(lludiv10.o)
    0x0801f0a6   0x00000002   PAD
    0x0801f0a8   0x00000080   Code   RO         2347    .text               c_w.l(_printf_fp_infnan.o)
    0x0801f128   0x000000dc   Code   RO         2351    .text               c_w.l(bigflt0.o)
    0x0801f204   0x00000008   Code   RO         2376    .text               c_w.l(ferror.o)
    0x0801f20c   0x0000004a   Code   RO         2432    .text               c_w.l(sys_stackheap_outer.o)
    0x0801f256   0x00000012   Code   RO         2434    .text               c_w.l(exit.o)
    0x0801f268   0x0000003e   Code   RO         2354    CL$$btod_d2e        c_w.l(btod.o)
    0x0801f2a6   0x00000046   Code   RO         2356    CL$$btod_d2e_denorm_low  c_w.l(btod.o)
    0x0801f2ec   0x00000060   Code   RO         2355    CL$$btod_d2e_norm_op1  c_w.l(btod.o)
    0x0801f34c   0x00000338   Code   RO         2364    CL$$btod_div_common  c_w.l(btod.o)
    0x0801f684   0x000000c6   Code   RO         2361    CL$$btod_e2e        c_w.l(btod.o)
    0x0801f74a   0x00000028   Code   RO         2358    CL$$btod_ediv       c_w.l(btod.o)
    0x0801f772   0x00000028   Code   RO         2357    CL$$btod_emul       c_w.l(btod.o)
    0x0801f79a   0x00000244   Code   RO         2363    CL$$btod_mult_common  c_w.l(btod.o)
    0x0801f9de   0x00000030   Code   RO         2430    i.__ARM_fpclassify  m_wm.l(fpclassify.o)
    0x0801fa0e   0x00000014   Code   RO         2284    i.__hardfp_fabs     m_wm.l(fabs.o)
    0x0801fa22   0x0000000e   Code   RO         2225    i._is_digit         c_w.l(__printf_wp.o)
    0x0801fa30   0x0000002c   Code   RO         2312    locale$$code        c_w.l(lc_ctype_c.o)
    0x0801fa5c   0x0000002c   Code   RO         2381    locale$$code        c_w.l(lc_numeric_c.o)
    0x0801fa88   0x00000062   Code   RO         2258    x$fpl$d2f           fz_wm.l(d2f.o)
    0x0801faea   0x00000018   Code   RO         2316    x$fpl$dcmpinf       fz_wm.l(dcmpi.o)
    0x0801fb02   0x00000002   PAD
    0x0801fb04   0x000002b0   Code   RO         2261    x$fpl$ddiv          fz_wm.l(ddiv.o)
    0x0801fdb4   0x00000078   Code   RO         2264    x$fpl$deqf          fz_wm.l(deqf.o)
    0x0801fe2c   0x0000005a   Code   RO         2266    x$fpl$dfixu         fz_wm.l(dfixu.o)
    0x0801fe86   0x0000002e   Code   RO         2271    x$fpl$dflt          fz_wm.l(dflt_clz.o)
    0x0801feb4   0x00000026   Code   RO         2270    x$fpl$dfltu         fz_wm.l(dflt_clz.o)
    0x0801feda   0x00000002   PAD
    0x0801fedc   0x00000078   Code   RO         2276    x$fpl$dleqf         fz_wm.l(dleqf.o)
    0x0801ff54   0x00000154   Code   RO         2278    x$fpl$dmul          fz_wm.l(dmul.o)
    0x080200a8   0x0000009c   Code   RO         2318    x$fpl$dnaninf       fz_wm.l(dnaninf.o)
    0x08020144   0x0000000c   Code   RO         2320    x$fpl$dretinf       fz_wm.l(dretinf.o)
    0x08020150   0x00000056   Code   RO         2280    x$fpl$f2d           fz_wm.l(f2d.o)
    0x080201a6   0x0000008c   Code   RO         2322    x$fpl$fnaninf       fz_wm.l(fnaninf.o)
    0x08020232   0x0000000a   Code   RO         2444    x$fpl$fpinit        fz_wm.l(fpinit.o)
    0x0802023c   0x0000000a   Code   RO         2324    x$fpl$fretinf       fz_wm.l(fretinf.o)
    0x08020246   0x00000004   Code   RO         2282    x$fpl$printf1       fz_wm.l(printf1.o)
    0x0802024a   0x00000000   Code   RO         2326    x$fpl$usenofp       fz_wm.l(usenofp.o)
    0x0802024a   0x000017c0   Data   RO          367    .constdata          lcd.o
    0x08021a0a   0x00000002   PAD
    0x08021a0c   0x0000001c   Data   RO          655    .constdata          stm32f4xx_fsmc.o
    0x08021a28   0x0000000c   Data   RO          983    .constdata          etharp.o
    0x08021a34   0x00000008   Data   RO         1203    .constdata          ip_addr.o
    0x08021a3c   0x00000038   Data   RO         1362    .constdata          memp.o
    0x08021a74   0x00000050   Data   RO         1488    .constdata          tcp.o
    0x08021ac4   0x00000004   Data   RO         1681    .constdata          sys_arch.o
    0x08021ac8   0x00000040   Data   RO         1848    .constdata          sockets.o
    0x08021b08   0x00000100   Data   RO         1903    .constdata          os_core.o
    0x08021c08   0x00000024   Data   RO         2148    .constdata          malloc.o
    0x08021c2c   0x00000028   Data   RO         2198    .constdata          c_w.l(_printf_hex_int.o)
    0x08021c54   0x00000011   Data   RO         2233    .constdata          c_w.l(__printf_flags_ss_wp.o)
    0x08021c65   0x00000003   PAD
    0x08021c68   0x00000094   Data   RO         2352    .constdata          c_w.l(bigflt0.o)
    0x08021cfc   0x00000028   Data   RO          749    .conststring        usmart.o
    0x08021d24   0x00000107   Data   RO          772    .conststring        usmart_config.o
    0x08021e2b   0x00000001   PAD
    0x08021e2c   0x00000030   Data   RO          940    .conststring        udp_demo.o
    0x08021e5c   0x00000044   Data   RO          984    .conststring        etharp.o
    0x08021ea0   0x0000008c   Data   RO         1285    .conststring        dhcp.o
    0x08021f2c   0x000000a0   Data   RO         1363    .conststring        memp.o
    0x08021fcc   0x0000006d   Data   RO         1489    .conststring        tcp.o
    0x08022039   0x00000003   PAD
    0x0802203c   0x00000055   Data   RO         1551    .conststring        tcp_out.o
    0x08022091   0x00000003   PAD
    0x08022094   0x00000020   Data   RO         2517    Region$$Table       anon$$obj.o
    0x080220b4   0x00000110   Data   RO         2311    locale$$data        c_w.l(lc_ctype_c.o)
    0x080221c4   0x0000001c   Data   RO         2380    locale$$data        c_w.l(lc_numeric_c.o)


    Execution Region RW_IRAM1 (Base: 0x20000000, Size: 0x0001da68, Max: 0x00020000, ABSOLUTE, COMPRESSED[0x00000118])

    Base Addr    Size         Type   Attr      Idx    E Section Name        Object

    0x20000000   0x00000014   Data   RW          279    .data               system_stm32f4xx.o
    0x20000014   0x00000001   Data   RW          305    .data               key.o
    0x20000015   0x00000001   PAD
    0x20000016   0x00000004   Data   RW          368    .data               lcd.o
    0x2000001a   0x00000002   PAD
    0x2000001c   0x00000010   Data   RW          404    .data               lan8720.o
    0x2000002c   0x00000012   Data   RW          456    .data               sensor.o
    0x2000003e   0x00000010   Data   RW          526    .data               stm32f4xx_rcc.o
    0x2000004e   0x00000002   PAD
    0x20000050   0x00000010   Data   RW          609    .data               stm32f4x7_eth.o
    0x20000060   0x00000004   Data   RW          678    .data               delay.o
    0x20000064   0x00000006   Data   RW          719    .data               usart.o
    0x2000006a   0x00000002   PAD
    0x2000006c   0x0000001c   Data   RW          750    .data               usmart.o
    0x20000088   0x00000124   Data   RW          773    .data               usmart_config.o
    0x200001ac   0x00000008   Data   RW          815    .data               lwip_comm.o
    0x200001b4   0x0000005c   Data   RW          941    .data               udp_demo.o
    0x20000210   0x00000001   Data   RW          985    .data               etharp.o
    0x20000211   0x00000003   PAD
    0x20000214   0x00000012   Data   RW         1167    .data               ip.o
    0x20000226   0x00000002   PAD
    0x20000228   0x00000006   Data   RW         1239    .data               ip_frag.o
    0x2000022e   0x00000002   PAD
    0x20000230   0x00000004   Data   RW         1286    .data               dhcp.o
    0x20000234   0x0000003c   Data   RW         1364    .data               memp.o
    0x20000270   0x00000009   Data   RW         1402    .data               netif.o
    0x20000279   0x00000003   PAD
    0x2000027c   0x00000004   Data   RW         1452    .data               raw.o
    0x20000280   0x00000024   Data   RW         1490    .data               tcp.o
    0x200002a4   0x00000020   Data   RW         1521    .data               tcp_in.o
    0x200002c4   0x00000008   Data   RW         1572    .data               timers.o
    0x200002cc   0x00000008   Data   RW         1621    .data               udp.o
    0x200002d4   0x00000014   Data   RW         1658    .data               mem.o
    0x200002e8   0x00000008   Data   RW         1849    .data               sockets.o
    0x200002f0   0x0000000c   Data   RW         1871    .data               tcpip.o
    0x200002fc   0x00000060   Data   RW         1904    .data               os_core.o
    0x2000035c   0x00000006   Data   RW         2110    .data               os_cpu_c.o
    0x20000362   0x00000002   PAD
    0x20000364   0x00000024   Data   RW         2149    .data               malloc.o
    0x20000388   0x00000700   Zero   RW            4    .bss                main.o
    0x20000a88   0x0000000e   Zero   RW          366    .bss                lcd.o
    0x20000a96   0x00000002   PAD
    0x20000a98   0x00000138   Zero   RW          455    .bss                sensor.o
    0x20000bd0   0x0000000c   Zero   RW          608    .bss                stm32f4x7_eth.o
    0x20000bdc   0x000000c8   Zero   RW          718    .bss                usart.o
    0x20000ca4   0x0000004c   Zero   RW          814    .bss                lwip_comm.o
    0x20000cf0   0x00000c80   Zero   RW          939    .bss                udp_demo.o
    0x20001970   0x000000c8   Zero   RW          982    .bss                etharp.o
    0x20001a38   0x00000010   Zero   RW         1202    .bss                ip_addr.o
    0x20001a48   0x00000032   Zero   RW         1284    .bss                dhcp.o
    0x20001a7a   0x00000002   PAD
    0x20001a7c   0x00000038   Zero   RW         1361    .bss                memp.o
    0x20001ab4   0x00000014   Zero   RW         1520    .bss                tcp_in.o
    0x20001ac8   0x00000060   Zero   RW         1847    .bss                sockets.o
    0x20001b28   0x00000fe0   Zero   RW         1902    .bss                os_core.o
    0x20002b08   0x0001a900   Zero   RW         2147    .bss                malloc.o
    0x2001d408   0x00000060   Zero   RW         2328    .bss                c_w.l(libspace.o)
    0x2001d468   0x00000200   Zero   RW          477    HEAP                startup_stm32f40_41xxx.o
    0x2001d668   0x00000400   Zero   RW          476    STACK               startup_stm32f40_41xxx.o



  Load Region LR$$.ARM.__AT_0x10000000 (Base: 0x10000000, Size: 0x00000000, Max: 0x0000f000, ABSOLUTE)

    Execution Region ER$$.ARM.__AT_0x10000000 (Base: 0x10000000, Size: 0x0000f000, Max: 0x0000f000, ABSOLUTE, UNINIT)

    Base Addr    Size         Type   Attr      Idx    E Section Name        Object

    0x10000000   0x0000f000   Zero   RW         2143    .ARM.__AT_0x10000000  malloc.o



  Load Region LR$$.ARM.__AT_0x1000F000 (Base: 0x1000f000, Size: 0x00000000, Max: 0x00000f00, ABSOLUTE)

    Execution Region ER$$.ARM.__AT_0x1000F000 (Base: 0x1000f000, Size: 0x00000f00, Max: 0x00000f00, ABSOLUTE, UNINIT)

    Base Addr    Size         Type   Attr      Idx    E Section Name        Object

    0x1000f000   0x00000f00   Zero   RW         2144    .ARM.__AT_0x1000F000  malloc.o



  Load Region LR$$.ARM.__AT_0x68000000 (Base: 0x68000000, Size: 0x00000000, Max: 0x00032000, ABSOLUTE)

    Execution Region ER$$.ARM.__AT_0x68000000 (Base: 0x68000000, Size: 0x00032000, Max: 0x00032000, ABSOLUTE, UNINIT)

    Base Addr    Size         Type   Attr      Idx    E Section Name        Object

    0x68000000   0x00032000   Zero   RW         2145    .ARM.__AT_0x68000000  malloc.o



  Load Region LR$$.ARM.__AT_0x68032000 (Base: 0x68032000, Size: 0x00000000, Max: 0x00003200, ABSOLUTE)

    Execution Region ER$$.ARM.__AT_0x68032000 (Base: 0x68032000, Size: 0x00003200, Max: 0x00003200, ABSOLUTE, UNINIT)

    Base Addr    Size         Type   Attr      Idx    E Section Name        Object

    0x68032000   0x00003200   Zero   RW         2146    .ARM.__AT_0x68032000  malloc.o


==============================================================================

Image component sizes


      Code (inc. data)   RO Data    RW Data    ZI Data      Debug   Object Name

      3068        818          0          0          0      18021   api_lib.o
      6080       1222          0          0          0      10679   api_msg.o
        62          0          0          0          0       1266   def.o
       296         16          0          4          0       1825   delay.o
      6764       1090        140          4         50      13662   dhcp.o
      3716        604         80          1        200      10895   etharp.o
       552        134          0          0          0       4810   ethernetif.o
      1060        372          0          0          0       6885   icmp.o
         0          0          0          0          0       1852   inet.o
       692        104          0          0          0       3141   inet_chksum.o
        36          0          0          0          0       4576   init.o
      1072        172          0         18          0       7235   ip.o
       812        112          8          0         16       9619   ip_addr.o
      2600        486          0          6          0       7500   ip_frag.o
       224         20          0          1          0        868   key.o
       912         56          0         16          0       3713   lan8720.o
     19624        168       6080          4         14      22818   lcd.o
       132         10          0          0          0        827   led.o
      1308        474          0          8         76      30724   lwip_comm.o
      1264        370          0          0       1792     339602   main.o
       564         18         36         36     391680       4951   malloc.o
      1860        568          0         20          0       4190   mem.o
       468        196        216         60         56       3152   memp.o
       224         20          0          0          0       1941   misc.o
       944        340          0          0          0       3161   netbuf.o
       832        124          0          9          0       6545   netif.o
      2416        248        256         96       4064      17204   os_core.o
       200         32          0          0          0        320   os_cpu_a.o
       488          8          0          6          0      12198   os_cpu_c.o
      2060         42          0          0          0       7208   os_flag.o
       484         16          0          0          0       3288   os_mem.o
      1528         34          0          0          0       5785   os_q.o
       988         64          0          0          0       4082   os_sem.o
      1988         70          0          0          0       7885   os_task.o
       432         30          0          0          0       1874   os_time.o
      1648        134          0          0          0       5753   os_tmr.o
      4256       1236          0          0          0       9717   pbuf.o
       588        134          0          4          0       3477   raw.o
      4756        166          0         18        312       5006   sensor.o
      7256        666         64          8         96      18398   sockets.o
       676         18          0          0          0       2241   sram.o
        64         26        392          0       1536        828   startup_stm32f40_41xxx.o
      3648         96          0         16         12      20054   stm32f4x7_eth.o
      1480         18         28          0          0       5786   stm32f4xx_fsmc.o
       660         44          0          0          0       4281   stm32f4xx_gpio.o
        20          0          0          0          0        939   stm32f4xx_it.o
      1628         52          0         16          0      13172   stm32f4xx_rcc.o
       148         12          0          0          0       1893   stm32f4xx_syscfg.o
      3234         60          0          0          0      23136   stm32f4xx_tim.o
      1108         34          0          0          0       8008   stm32f4xx_usart.o
       980        166          4          0          0       6578   sys_arch.o
       528         46          0         20          0       1759   system_stm32f4xx.o
      5260       1092        189         36          0      22163   tcp.o
      6264        964          0         32         20      15131   tcp_in.o
      4934        954         85          0          0      10075   tcp_out.o
       952        194          0         12          0      10088   tcpip.o
       112          4          0          0          0        808   timer.o
       816        186          0          8          0       3651   timers.o
      1512        202          0          8          0      14401   udp.o
       336         84         48         92       3200      10195   udp_demo.o
       348         18          0          6        200       3354   usart.o
      3132       1290         40         28          0       4314   usmart.o
         0          0        263        292          0       1560   usmart_config.o
      1320         12          0          0          0       5329   usmart_str.o

    ----------------------------------------------------------------------
    123420      15946       7970        904     403328     816397   Object Totals
         0          0         32          0          0          0   (incl. Generated)
         6          0          9         19          4          0   (incl. Padding)

    ----------------------------------------------------------------------

      Code (inc. data)   RO Data    RW Data    ZI Data      Debug   Library Member Name

        90          0          0          0          0          0   __dczerorl2.o
         8          0          0          0          0         68   __main.o
       392          4         17          0          0         92   __printf_flags_ss_wp.o
        14          0          0          0          0         68   __printf_wp.o
         0          0          0          0          0          0   __rtentry.o
        12          0          0          0          0          0   __rtentry2.o
         6          0          0          0          0          0   __rtentry4.o
        52          8          0          0          0          0   __scatter.o
        28          0          0          0          0          0   __scatter_zi.o
         6          0          0          0          0          0   _printf_c.o
        44          0          0          0          0        108   _printf_char.o
        48          6          0          0          0         96   _printf_char_common.o
        36          4          0          0          0         80   _printf_char_file.o
         6          0          0          0          0          0   _printf_d.o
       120         16          0          0          0         92   _printf_dec.o
         6          0          0          0          0          0   _printf_f.o
      1050          0          0          0          0        216   _printf_fp_dec.o
       128         16          0          0          0         84   _printf_fp_infnan.o
        88          4         40          0          0         88   _printf_hex_int.o
       178          0          0          0          0         88   _printf_intcommon.o
        78          0          0          0          0        108   _printf_pad.o
         0          0          0          0          0          0   _printf_percent.o
         4          0          0          0          0          0   _printf_percent_end.o
         6          0          0          0          0          0   _printf_s.o
        82          0          0          0          0         80   _printf_str.o
         6          0          0          0          0          0   _printf_u.o
         6          0          0          0          0          0   _printf_x.o
        10          0          0          0          0         68   _sputc.o
       220          4        148          0          0         96   bigflt0.o
      1910        128          0          0          0        672   btod.o
        18          0          0          0          0         80   exit.o
         8          0          0          0          0         68   ferror.o
         6          0          0          0          0        152   heapauxi.o
        44         10        272          0          0         76   lc_ctype_c.o
        44         10         28          0          0         76   lc_numeric_c.o
         2          0          0          0          0          0   libinit.o
        34          0          0          0          0          0   libinit2.o
         2          0          0          0          0          0   libshutdown.o
         2          0          0          0          0          0   libshutdown2.o
         8          4          0          0         96         68   libspace.o
       138          0          0          0          0         80   lludiv10.o
        88          0          0          0          0         76   memcmp.o
        24          4          0          0          0         84   noretval__2printf.o
        40          6          0          0          0         84   noretval__2sprintf.o
        16          4          0          0          0         76   rt_ctype_table.o
         8          4          0          0          0         68   rt_locale_intlibspace.o
        68          0          0          0          0         68   rt_memclr.o
        78          0          0          0          0         80   rt_memclr_w.o
       138          0          0          0          0         68   rt_memcpy_v6.o
       100          0          0          0          0         80   rt_memcpy_w.o
         2          0          0          0          0          0   rtexit.o
        10          0          0          0          0          0   rtexit2.o
       128          0          0          0          0         68   strcmpv7m.o
        62          0          0          0          0         76   strlen.o
        74          0          0          0          0         80   sys_stackheap_outer.o
         2          0          0          0          0         68   use_no_semi.o
         2          0          0          0          0         68   use_no_semi_2.o
        98          4          0          0          0        140   d2f.o
        24          0          0          0          0        116   dcmpi.o
       688        140          0          0          0        256   ddiv.o
       120          4          0          0          0        140   deqf.o
        90          4          0          0          0        140   dfixu.o
        84          0          0          0          0        232   dflt_clz.o
       120          4          0          0          0        140   dleqf.o
       340         12          0          0          0        152   dmul.o
       156          4          0          0          0        140   dnaninf.o
        12          0          0          0          0        116   dretinf.o
        86          4          0          0          0        132   f2d.o
       140          4          0          0          0        132   fnaninf.o
        10          0          0          0          0        116   fpinit.o
        10          0          0          0          0        116   fretinf.o
         4          0          0          0          0        116   printf1.o
         0          0          0          0          0          0   usenofp.o
        20          0          0          0          0        124   fabs.o
        48          0          0          0          0        124   fpclassify.o

    ----------------------------------------------------------------------
      7846        412        508          0         96       6180   Library Totals
        16          0          3          0          0          0   (incl. Padding)

    ----------------------------------------------------------------------

      Code (inc. data)   RO Data    RW Data    ZI Data      Debug   Library Name

      5780        232        505          0         96       3748   c_w.l
      1982        180          0          0          0       2184   fz_wm.l
        68          0          0          0          0        248   m_wm.l

    ----------------------------------------------------------------------
      7846        412        508          0         96       6180   Library Totals

    ----------------------------------------------------------------------

==============================================================================


      Code (inc. data)   RO Data    RW Data    ZI Data      Debug   

    131266      16358       8478        904     403424     806445   Grand Totals
    131266      16358       8478        280     403424     806445   ELF Image Totals (compressed)
    131266      16358       8478        280          0          0   ROM Totals

==============================================================================

    Total RO  Size (Code + RO Data)               139744 ( 136.47kB)
    Total RW  Size (RW Data + ZI Data)            404328 ( 394.85kB)
    Total ROM Size (Code + RO Data + RW Data)     140024 ( 136.74kB)

==============================================================================

